				E-Man(tm)			
			-:-The Terminator Wars-:-			
컴컴컴컴컴컴컴컴컴컴컴컴컴컴컴컴컴컴컴컴컴컴컴컴컴컴컴컴컴컴컴컴컴컴컴컴컴
 ID    UNIT NAME		STATUS           EXPERIENCE         LEVEL     
컴컴컴컴컴컴컴컴컴컴컴컴컴컴컴컴컴컴컴컴컴컴컴컴컴컴컴컴컴컴컴컴컴컴컴컴컴
 A-    T-1000			ACTIVE        	 0
 B-    T-800			ACTIVE        	 0
 C-    EMPTY			DEACTIVATED   	 0
 D-    EMPTY			DEACTIVATED   	 0
 E-    EMPTY			DEACTIVATED   	 0
 F-    EMPTY			DEACTIVATED   	 0
 G-    EMPTY			DEACTIVATED   	 0
 H-    EMPTY			DEACTIVATED   	 0
 I-    EMPTY			DEACTIVATED   	 0
 J-    EMPTY			DEACTIVATED   	 0
 K-    EMPTY			DEACTIVATED   	 0
 L-    EMPTY			DEACTIVATED   	 0
 M-    EMPTY			DEACTIVATED   	 0
 N-    EMPTY			DEACTIVATED   	 0
 O-    EMPTY			DEACTIVATED   	 0
 P-    EMPTY			DEACTIVATED   	 0
 Q-    EMPTY			DEACTIVATED   	 0
 R-    EMPTY			DEACTIVATED   	 0
 S-    EMPTY			DEACTIVATED   	 0
 T-    EMPTY			DEACTIVATED   	 0
 U-    EMPTY			DEACTIVATED   	 0
 V-    EMPTY			DEACTIVATED   	 0
 W-    EMPTY			DEACTIVATED   	 0
 X-    EMPTY			DEACTIVATED   	 0
 Y-    EMPTY			DEACTIVATED   	 0
컴컴컴컴컴컴컴컴컴컴컴컴컴컴컴컴컴컴컴컴컴컴컴컴컴컴컴컴컴컴컴컴컴컴컴컴컴
